=== 2026-09-17T13:41:05+09:00 deploying p2ev-v2-numa (NUMA 0 bound) ===
  endpoint      : http://127.0.0.1:8500
  pid           : 1244851
  started       : 2026-09-17T04:41:05.570925+00:00
  CUDA devices  : 0,1
healthy after ~50s
=== 2026-09-17T13:41:45+09:00 stage rps0.5 (NUMA 0) ===
open loop: 300 requests -> http://127.0.0.1:8500/v1 (trace 10.280 rps, offering 0.500 rps, span 600.0s, no concurrency bound)
warm-up: 254.6 ms (paid before the schedule starts)
an error occurred during closing of asynchronous generator <async_generator object safe_async_iterate at 0x7f0b5fa6d9a0>
asyncgen: <async_generator object safe_async_iterate at 0x7f0b5fa6d9a0>
    yield chunk
    await iterator.aclose()
    raise exc
    async with safe_async_iterate(self._connection._receive_response_body(**kwargs)) as iterator:
an error occurred during closing of asynchronous generator <async_generator object PoolByteStream.__aiter__ at 0x7f0b5fb1e200>
asyncgen: <async_generator object PoolByteStream.__aiter__ at 0x7f0b5fb1e200>
    yield chunk
    async with safe_async_iterate(self._stream) as iterator:
done: 300/300 ok, 0 failed in 625.3s
launch error (ms): mean=0.90 p99=3.90 max=5.66
served concurrency (Little's law) = 11.434
ttft_ms: mean=227.26 p50=200.94 p95=400.42 p99=546.99
tpot_ms: mean=36.19 p50=35.98 p95=39.70 p99=40.95
output tokens=195753, 313.0 tok/s
wrote outputs/p2_evidence/v2_numa/rps0.5_numa.json
=== 2026-09-17T13:52:43+09:00 stage rps0.75 (NUMA 0) ===
open loop: 300 requests -> http://127.0.0.1:8500/v1 (trace 10.280 rps, offering 0.750 rps, span 400.0s, no concurrency bound)
warm-up: 252.5 ms (paid before the schedule starts)
done: 300/300 ok, 0 failed in 427.0s
launch error (ms): mean=1.24 p99=6.05 max=10.49
served concurrency (Little's law) = 18.896
ttft_ms: mean=251.09 p50=229.36 p95=414.95 p99=612.29
tpot_ms: mean=40.86 p50=41.12 p95=44.79 p99=45.11
output tokens=195753, 458.5 tok/s
wrote outputs/p2_evidence/v2_numa/rps0.75_numa.json
=== 2026-09-17T14:00:21+09:00 stage rps0.9 (NUMA 0) ===
open loop: 300 requests -> http://127.0.0.1:8500/v1 (trace 10.280 rps, offering 0.900 rps, span 333.3s, no concurrency bound)
warm-up: 246.7 ms (paid before the schedule starts)
done: 300/300 ok, 0 failed in 360.8s
launch error (ms): mean=1.28 p99=8.13 max=8.91
served concurrency (Little's law) = 23.630
ttft_ms: mean=264.45 p50=238.41 p95=454.09 p99=619.97
tpot_ms: mean=43.20 p50=43.63 p95=46.38 p99=47.67
output tokens=195753, 542.5 tok/s
wrote outputs/p2_evidence/v2_numa/rps0.9_numa.json
=== 2026-09-17T14:06:53+09:00 stage rps1.0 (NUMA 0) ===
open loop: 300 requests -> http://127.0.0.1:8500/v1 (trace 10.280 rps, offering 1.000 rps, span 300.0s, no concurrency bound)
warm-up: 257.7 ms (paid before the schedule starts)
done: 300/300 ok, 0 failed in 327.8s
launch error (ms): mean=1.51 p99=8.90 max=10.82
served concurrency (Little's law) = 27.293
ttft_ms: mean=276.92 p50=248.95 p95=494.33 p99=654.49
tpot_ms: mean=45.35 p50=46.01 p95=48.96 p99=49.74
output tokens=195753, 597.1 tok/s
wrote outputs/p2_evidence/v2_numa/rps1.0_numa.json
=== 2026-09-17T14:12:53+09:00 stage rps10.0 (NUMA 0) ===
open loop: 300 requests -> http://127.0.0.1:8500/v1 (trace 10.280 rps, offering 10.000 rps, span 30.0s, no concurrency bound)
warm-up: 255.1 ms (paid before the schedule starts)
done: 300/300 ok, 0 failed in 179.5s
launch error (ms): mean=3.51 p99=27.77 max=41.08
served concurrency (Little's law) = 170.312
ttft_ms: mean=40491.71 p50=44036.66 p95=102044.90 p99=109516.32
tpot_ms: mean=94.06 p50=97.79 p95=114.88 p99=116.81
output tokens=195753, 1090.5 tok/s
wrote outputs/p2_evidence/v2_numa/rps10.0_numa.json
=== 2026-09-17T14:16:23+09:00 stopping ===
stopped deployment 'p2ev-v2-numa'.
=== 2026-09-17T14:16:24+09:00 V2 NUMA ladder complete ===
