### unbound, both groups
  0-1   64 MiB  one-way  51.87 (spread  1.88 %)   round-trip  52.26 (spread  7.25 %)
  0-1  256 MiB  one-way  52.69 (spread  0.73 %)   round-trip  52.73 (spread  0.31 %)
  0-1  512 MiB  one-way  52.72 (spread  0.37 %)   round-trip  52.83 (spread  0.10 %)
  0-2   64 MiB  one-way  24.98 (spread  0.30 %)   round-trip  25.01 (spread  0.13 %)
  0-2  256 MiB  one-way  25.12 (spread  0.03 %)   round-trip  25.13 (spread  0.09 %)
  0-2  512 MiB  one-way  25.15 (spread  0.71 %)   round-trip  25.15 (spread  0.31 %)
  4-5   64 MiB  one-way  51.90 (spread  1.19 %)   round-trip  52.05 (spread  0.58 %)
  4-5  256 MiB  one-way  52.55 (spread  0.66 %)   round-trip  52.71 (spread  0.14 %)
  4-5  512 MiB  one-way  52.71 (spread  0.92 %)   round-trip  52.82 (spread  0.53 %)
  4-6   64 MiB  one-way  24.97 (spread  0.28 %)   round-trip  25.00 (spread  2.80 %)
  4-6  256 MiB  one-way  25.12 (spread  0.37 %)   round-trip  25.12 (spread  0.06 %)
  4-6  512 MiB  one-way  25.15 (spread  0.04 %)   round-trip  25.15 (spread  0.48 %)
wrote outputs/p2_evidence/p2p_control/unpinned.json
### numa0-bound (GPUs 0-3)
  0-1   64 MiB  one-way  52.01 (spread  0.88 %)   round-trip  52.13 (spread  0.17 %)
  0-1  256 MiB  one-way  52.64 (spread  2.87 %)   round-trip  52.75 (spread  0.07 %)
  0-1  512 MiB  one-way  52.75 (spread  0.36 %)   round-trip  52.85 (spread  0.05 %)
  0-2   64 MiB  one-way  25.01 (spread  0.17 %)   round-trip  25.02 (spread  0.13 %)
  0-2  256 MiB  one-way  25.13 (spread  0.08 %)   round-trip  25.13 (spread  0.10 %)
  0-2  512 MiB  one-way  25.15 (spread  0.04 %)   round-trip  25.16 (spread  0.03 %)
wrote outputs/p2_evidence/p2p_control/numa0_pinned.json
### numa1-bound (GPUs 4-7)
  4-5   64 MiB  one-way  52.01 (spread  0.92 %)   round-trip  52.14 (spread  0.82 %)
  4-5  256 MiB  one-way  52.60 (spread  0.76 %)   round-trip  52.74 (spread  0.07 %)
  4-5  512 MiB  one-way  52.72 (spread  0.26 %)   round-trip  52.84 (spread  0.06 %)
  4-6   64 MiB  one-way  24.99 (spread  1.71 %)   round-trip  25.02 (spread  3.06 %)
  4-6  256 MiB  one-way  25.12 (spread  0.05 %)   round-trip  25.13 (spread  0.03 %)
  4-6  512 MiB  one-way  25.15 (spread  0.03 %)   round-trip  25.15 (spread  0.49 %)
wrote outputs/p2_evidence/p2p_control/numa1_pinned.json
